{
  "which": "wɪtʃ",
  "would": "wʊd",
  "you": "juː",
  "prefer": "pɹɪfɜː",
  "tea": "tiː",
  "or": "ɔːɹ",
  "coffee": "kɔfi"
}